// Jest Snapshot v1, https://goo.gl/fbAQLP

exports[`my table component my screenshot should match the snapshot 1`] = `null`;
